../Core/Src/main.c:73:10:bme_read24	296	static
../Core/Src/main.c:94:9:bme_read8	296	static
../Core/Src/main.c:118:7:bme_read_temperature	536	static
../Core/Src/main.c:133:6:debug_print	16	static
../Core/Src/main.c:139:6:bme_init	24	static
../Core/Src/main.c:175:5:main	56	static
../Core/Src/main.c:231:6:SystemClock_Config	112	static
../Core/Src/main.c:278:13:MX_I2C1_Init	8	static
../Core/Src/main.c:326:13:MX_USART2_UART_Init	8	static
../Core/Src/main.c:361:13:MX_GPIO_Init	48	static
../Core/Src/main.c:396:6:Error_Handler	8	static,ignoring_inline_asm
